
> reelhouse@1.0.0 build
> vite build

[36mvite v6.4.3 [32mbuilding for production...[36m[39m
transforming...
[32m✓[39m 8 modules transformed.
[31m✗[39m Build failed in 153ms
[31merror during build:
[31m[vite:define] Transform failed with 1 error:
/home/runner/work/Realhouse/Realhouse/src/playback/resolver.js:34:119: ERROR: Syntax error "$"[31m
file: [36m/home/runner/work/Realhouse/Realhouse/src/playback/resolver.js[31m
    at failureErrorWithLog (/home/runner/work/Realhouse/Realhouse/node_modules/esbuild/lib/main.js:1467:15)
    at /home/runner/work/Realhouse/Realhouse/node_modules/esbuild/lib/main.js:736:50
    at responseCallbacks.<computed> (/home/runner/work/Realhouse/Realhouse/node_modules/esbuild/lib/main.js:603:9)
    at handleIncomingPacket (/home/runner/work/Realhouse/Realhouse/node_modules/esbuild/lib/main.js:658:12)
    at Socket.readFromStdout (/home/runner/work/Realhouse/Realhouse/node_modules/esbuild/lib/main.js:581:7)
    at Socket.emit (node:events:524:28)
    at addChunk (node:internal/streams/readable:561:12)
    at readableAddChunkPushByteMode (node:internal/streams/readable:512:3)
    at Readable.push (node:internal/streams/readable:392:5)
    at Pipe.onStreamRead (node:internal/stream_base_commons:191:23)[39m
EXIT_CODE=1
